// Jest Snapshot v1, https://goo.gl/fbAQLP

exports[`babel-plugin-react-scoped-css frag.jsx 1`] = `
"import React from 'react';
import \\"./frag.scoped.css?scopeId=d0f0b5fc\\";

const Frag = () => {
  return <div data-v-d0f0b5fc={\\"\\"}>
      <React.Fragment>
        <div className=\\"test-frag\\" data-v-d0f0b5fc={\\"\\"}></div>
      </React.Fragment>
      <>
        <div data-v-d0f0b5fc={\\"\\"}>text</div>
      </>
    </div>;
};

export default Frag;"
`;

exports[`babel-plugin-react-scoped-css from-example.jsx 1`] = `
"import React from 'react';
import styled from 'styled-components';
import styles from \\"./Content.scoped.scss?scopeId=fa0f6685\\";
import Grid from './Grid';
import GridForwardProps from './GridForwardProps';
const Text = styled.div\`
  color: #666;
\`;

const FromExample = props => {
  return <div className=\\"content\\" data-v-fa0f6685={\\"\\"}>
      <h3 data-v-fa0f6685={\\"\\"}>Styling html tags</h3>
      <p data-v-fa0f6685={\\"\\"}>p tag with style</p>

      <React.Fragment>
        <div data-v-fa0f6685={\\"\\"}>
          <p data-v-fa0f6685={\\"\\"}>content wrapped with React Fragment should be fine</p>
        </div>
      </React.Fragment>

      <h3 data-v-fa0f6685={\\"\\"}>Using classes</h3>
      <div className=\\"grid\\" data-v-fa0f6685={\\"\\"} />
      <div className=\\"grid\\" data-v-fa0f6685={\\"\\"} />

      <h3 data-v-fa0f6685={\\"\\"}>Styling child components with css modules</h3>
      <Grid className={styles.grid} data-v-fa0f6685={\\"\\"} />
      <Grid className={styles.grid} data-v-fa0f6685={\\"\\"} />

      <h3 data-v-fa0f6685={\\"\\"}>Styling child components which forward data-v attributes to its root element</h3>
      <GridForwardProps className=\\"content-grid\\" data-v-fa0f6685={\\"\\"} />
      <GridForwardProps className=\\"content-grid\\" data-v-fa0f6685={\\"\\"} />

      <h3 data-v-fa0f6685={\\"\\"}>Styling with styled-components</h3>
      <Text className=\\"text\\" data-v-fa0f6685={\\"\\"}>Some content in styled-components</Text>
    </div>;
};

export default Content;"
`;
